[index-2.html]
[uc.js]
[backblue.gif]
[fade.gif]
[index.html]
[uploads/4xLFL7qa/favicon.ico]
[db528d2761568ad004f99a5f2f8e451b/css/cookiebotVideoPlaceholder90c1.css]
[db528d2761568ad004f99a5f2f8e451b/css/grids90c1.css]
[db528d2761568ad004f99a5f2f8e451b/css/hcaptcha90c1.css]
[assets/user-style7be9.css]
[assets/sitestyle7be9.css]
[db528d2761568ad004f99a5f2f8e451b/css/external-libs90c1.css]
[uploads/x4N9hZ6A/354x0_363x0/logo.png]
[quienes-somos.html]
[i-motion-sport.html]
[i-shape-esthetic.html]
[deportistas.html]
[testimonios.html]
[otros-servicios.html]
[contacto.html]
[gracias.html]
[aviso-legal.html]
[politica-de-privacidad.html]
[politica-de-cookies.html]
[declaracion-de-accesibilidad.html]
[uploads/iE1Lmuan/737x0_555x0/Pnagtraje_837.png]
[uploads/I8h7Ov5V/339x0_255x0/Capturadepantalla2023-08-02113043.png]
[uploads/yfio1JLc/737x0_555x0/8s1.jpg]
[uploads/zonuTQdw/400x0_246x0/1.webp]
[uploads/ubU00kx4/400x0_246x0/2.webp]
[uploads/IzWmhLiJ/737x0_246x0/3.webp]
[uploads/qDJmT2Nu/400x0_246x0/4.webp]
[uploads/qzot2hbj/377x0_246x0/5.webp]
[uploads/9bAwN6AI/377x0_246x0/6.webp]
[uploads/b8n9ATB4/354x0_555x0/imotiongroup.world_20230301_p_3049075499099856867_1_30490754956271033371.jpg]
[uploads/XzgFuqtG/737x0_1140x0/IMG_20220510_224456.png]
[uploads/x4N9hZ6A/464x0_239x0/logo.png]
[uploads/UtyrJH3w/737x0_1140x0/kit-digital-Logo-digitalizadores.jpg]
[db528d2761568ad004f99a5f2f8e451b/js/loader-polyfills90c1.js]
[analytics.js]
[db528d2761568ad004f99a5f2f8e451b/js/loader90c1.js]
[custGa0.set]
[index-2.html]
[gtm5445.html]
[db528d2761568ad004f99a5f2f8e451b/css/cookiebotVideoPlaceholder90c1.css]
[db528d2761568ad004f99a5f2f8e451b/js/reseller/padigital/s_code1.0.js]
[db528d2761568ad004f99a5f2f8e451b/css/fonts/fa-brands-400.woff2]
[db528d2761568ad004f99a5f2f8e451b/css/fonts/fa-regular-400.woff2]
[db528d2761568ad004f99a5f2f8e451b/css/fonts/fa-solid-900.woff2]
[db528d2761568ad004f99a5f2f8e451b/css/fonts/fa-v4compatibility.woff2]
[db528d2761568ad004f99a5f2f8e451b/css/fonts/fa-brands-400.ttf]
[db528d2761568ad004f99a5f2f8e451b/css/fonts/fa-regular-400.ttf]
[db528d2761568ad004f99a5f2f8e451b/css/fonts/fa-solid-900.ttf]
[db528d2761568ad004f99a5f2f8e451b/css/fonts/fa-v4compatibility.ttf]
[db528d2761568ad004f99a5f2f8e451b/css/grids90c1.css]
[db528d2761568ad004f99a5f2f8e451b/css/hcaptcha90c1.css]
[assets/fonts/fontello.eot]
[assets/fonts/fontellod41d.eot]
[assets/fonts/fontello.woff]
[assets/fonts/fontello.ttf]
[assets/fonts/nationale-demibold-webfont.eot]
[assets/fonts/nationale-demibold-webfontd41d.eot]
[assets/fonts/nationale-demibold-webfont.woff]
[assets/fonts/nationale-demibold-webfont.ttf]
[assets/fonts/nationale-extrabold-webfont.eot]
[assets/fonts/nationale-extrabold-webfontd41d.eot]
[assets/fonts/nationale-extrabold-webfont.woff]
[assets/fonts/nationale-extrabold-webfont.woff2]
[assets/fonts/nationale-extrabold-webfont.ttf]
[assets/fonts/nationale-regular-webfont.eot]
[assets/fonts/nationale-regular-webfontd41d.eot]
[assets/fonts/nationale-regular-webfont.woff]
[assets/fonts/nationale-regular-webfont.ttf]
[assets/css/img/loading-2x.png]
[assets/css/img/loading.png]
[assets/css/img/defaultImgPlaceholder.png]
[tactile/omnibox/reveal-entity-icons-20131112.png]
[assets/css/img/hcaptcha.png]
[assets/css/img/hcaptcha-badge-tool.png]
[assets/user-style7be9.css]
[uploads/8HUo16hb/baseblancaangulo.png]
[uploads/8FxM8HJL/767x0_2560x0/imotionclubtenerife_20210412_p_2550074253254171823_28623628674_1_2550074250351618579_286236286741]
[uploads/dssJhHPE/1503x0_2560x0/88166837_m_normal_none1.jpg]
[uploads/dssJhHPE/767x0_2560x0/88166837_m_normal_none1.jpg]
[uploads/IvBMuQAd/baseblancaangulo1.png]
[uploads/dssJhHPE/2130x0_2560x0/88166837_m_normal_none1.jpg]
[uploads/Xyr3EAag/767x0_2560x0/ishape.mexico_20210805_p_2633620525021944682_1_26336205250219446821.jpg]
[uploads/UOsRwEcW/3605x0_2560x0/162321065_m_normal_none2.jpg]
[uploads/cJMueSYT/767x0_2560x0/ishape.mexico_19700102_p_2729358743763602249_48267895777_1_2729358743763602249_482678957771.17c.de]
[uploads/qd5rPkBl/1341x0_2560x0/IMG_51363.jpg]
[uploads/RB6LhL1Z/798x0_2560x0/IMG_5286.jpg]
[uploads/NK24PHxZ/962x0_2560x0/5.jpg]
[uploads/pmpqZI5r/767x0_2560x0/12.jpg]
[uploads/XzgFuqtG/1021x0_2560x0/IMG_20220510_224456.png]
[uploads/mqve6BJM/767x0_2560x0/imotiongroup.world_20220913_p_2926482160434211317_1_2926482148589373408.jpg]
[uploads/cJMueSYT/ishape.mexico_19700102_p_2729358743763602249_48267895777_1_2729358743763602249_482678957771.jpg]
[uploads/UOsRwEcW/1155x0_2560x0/162321065_m_normal_none2.jpg]
[uploads/ShmMYlzf/767x0_2560x0/ishape.mexico_20220111_p_2749025708812776851_1_27490257088127768511.jpg]
[assets/sitestyle7be9.css]
[db528d2761568ad004f99a5f2f8e451b/css/images/marker-icon.png]
[db528d2761568ad004f99a5f2f8e451b/css/external-libs90c1.css]
[uploads/PZB9VD4H/735x0_575x0/ishape.official_20220614_p_2860480150867337665_2_28604801392995103731.jpg]
[uploads/Xd5LX1QG/735x0_575x0/IMG-20230417-WA0000__msi___jpg.webp]
[uploads/11ekV9Fl/737x0_555x0/Pnagtraje.png]
[quienes-somos.html]
[uploads/dhUPxCWS/339x0_294x0/HMzt2Oag.png]
[uploads/dlirkoUP/737x0_555x0/IMG_52053.jpg]
[uploads/HI8vt0Wf/767x0_2560x0/DJI_0181.jpg]
[uploads/HI8vt0Wf/736x0_807x807/DJI_0181.jpg]
[uploads/ekrxxHqa/767x0_2560x0/DSC08312.jpg]
[uploads/ekrxxHqa/736x0_807x807/DSC08312.jpg]
[uploads/AV6b2xYr/767x0_2560x0/DSC08290.jpg]
[uploads/AV6b2xYr/736x0_807x807/DSC08290.jpg]
[i-motion-sport.html]
[uploads/gGbJBMy2/324x0_378x0/VSdbapF-.png]
[uploads/k5UDibPh/737x0_555x0/4s1.jpg]
[uploads/ObwIWExw/737x0_555x0/141.jpg]
[uploads/QNEABJrB/767x0_2560x0/20200130_1030331.jpg]
[uploads/QNEABJrB/697x0_807x807/20200130_1030331.jpg]
[uploads/FCcxCzHd/767x0_2560x0/20200122_165104.jpg]
[uploads/FCcxCzHd/697x0_807x807/20200122_165104.jpg]
[uploads/ST4aje3U/767x0_2560x0/20200128_100522.jpg]
[uploads/ST4aje3U/697x0_807x807/20200128_100522.jpg]
[i-shape-esthetic.html]
[uploads/IwTIVErD/737x0_1140x0/62ab09291cd96322f7e1cdd5-file-265014866279643.jpg]
[uploads/mmpHLAwJ/737x0_360x0/Abdessamad-Oukhelfen-Atleta-768x768.jpg.webp]
[uploads/IEwzrir0/737x0_360x0/Captura-de-pantalla-2022-06-02-173228-768x769.png.webp]
[uploads/FmR50Abh/737x0_360x0/Alvaro-Dominguez-768x768.jpg.webp]
[uploads/ThlDepTL/737x0_360x0/Abdou-Diallo-768x768.jpeg.webp]
[uploads/VVEflKAY/737x0_360x0/Anthony-de-Freitas-Futbolista-768x768.png.webp]
[uploads/RP3Cn7Ys/737x0_360x0/Abdelaziz-Merzougui-Atleta-768x768.jpg.webp]
[uploads/R1zZ4v5Z/737x0_360x0/Enzo-rodriguez-768x768.jpg.webp]
[uploads/jlkuTJEG/737x0_360x0/KEvin-gameiro-768x768.jpg.webp]
[uploads/5UnvI8dJ/737x0_360x0/Laura-Ziv-Atleta-768x768.jpg.webp]
[uploads/EXfr6SxI/737x0_360x0/Lucas-ocampos-1-768x768.jpg.webp]
[uploads/Yh2viqEB/737x0_360x0/Richard-Samnick-Futbolista-768x768.png.webp]
[uploads/6OI2dD1K/737x0_360x0/WhatsApp-Image-2022-05-19-at-5.25.25-PM-768x768.jpeg.webp]
[uploads/CixjkBAO/737x0_360x0/WhatsApp-Image-2022-06-24-at-10.27.38-AM-1-768x768.jpeg.webp]
[uploads/mqve6BJM/737x0_360x0/imotiongroup.world_20220913_p_2926482160434211317_1_2926482148589373408.jpg]
[uploads/PeMQ9BdO/354x0_446x0/IMG-20230417-WA0001.jpg]
[deportistas.html]
[testimonios.html]
[uploads/K0NKs30C/1000014565__msi___png.png]
[otros-servicios.html]
[uploads/pLoHC63B/447x0_278x0/sadasd1.png]
[uploads/sRw2O722/446x0_278x0/asdasd1.png]
[contacto.html]
[gracias.html]
[aviso-legal.html]
[politica-de-privacidad.html]
[politica-de-cookies.html]
[declaracion-de-accesibilidad.html]
[custGa0.html]
[assets/css/img/hcaptcha-badge-tool.html]
[assets/fonts/fontello.svg]
[assets/fonts/nationale-demibold-webfont.svg]
[assets/fonts/nationale-extrabold-webfont.svg]
[assets/fonts/nationale-regular-webfont.svg]
[assets/css/img/hcaptcha-badge.svg]
[assets/css/icons/accordd.svg]
[assets/css/icons/ad.svg]
[assets/css/icons/ae.svg]
[assets/css/icons/af.svg]
[assets/css/icons/ag.svg]
[assets/css/icons/ai.svg]
[assets/css/icons/al.svg]
[assets/css/icons/am.svg]
[assets/css/icons/americanexpress.svg]
[assets/css/icons/ao.svg]
[assets/css/icons/aq.svg]
[assets/css/icons/ar.svg]
[assets/css/icons/as.svg]
[assets/css/icons/at.svg]
[assets/css/icons/au.svg]
[assets/css/icons/aw.svg]
[assets/css/icons/ax.svg]
[assets/css/icons/az.svg]
[assets/css/icons/ba.svg]
[assets/css/icons/bb.svg]
[assets/css/icons/bd.svg]
[assets/css/icons/be.svg]
[assets/css/icons/bf.svg]
[assets/css/icons/bg.svg]
[assets/css/icons/bh.svg]
[assets/css/icons/bi.svg]
[assets/css/icons/bj.svg]
[assets/css/icons/bl.svg]
[assets/css/icons/bm.svg]
[assets/css/icons/bn.svg]
[assets/css/icons/bo.svg]
[assets/css/icons/bq.svg]
[assets/css/icons/br.svg]
[assets/css/icons/bs.svg]
[assets/css/icons/bt.svg]
[assets/css/icons/bv.svg]
[assets/css/icons/bw.svg]
[assets/css/icons/by.svg]
[assets/css/icons/bz.svg]
[assets/css/icons/ca.svg]
[assets/css/icons/cash.svg]
[assets/css/icons/cc.svg]
[assets/css/icons/cd.svg]
[assets/css/icons/cf.svg]
[assets/css/icons/cg.svg]
[assets/css/icons/ch.svg]
[assets/css/icons/cheque.svg]
[assets/css/icons/ci.svg]
[assets/css/icons/ck.svg]
[assets/css/icons/cl.svg]
[assets/css/icons/cm.svg]
[assets/css/icons/cn.svg]
[assets/css/icons/co.svg]
[assets/css/icons/cr.svg]
[assets/css/icons/cu.svg]
[assets/css/icons/cv.svg]
[assets/css/icons/cw.svg]
[assets/css/icons/cx.svg]
[assets/css/icons/cy.svg]
[assets/css/icons/cz.svg]
[assets/css/icons/de.svg]
[assets/css/icons/dinersclub.svg]
[assets/css/icons/6.323]
[assets/css/icons/discover.svg]
[assets/css/icons/dj.svg]
[assets/css/icons/dk.svg]
[assets/css/icons/dm.svg]
[assets/css/icons/do.svg]
[assets/css/icons/dz.svg]
[assets/css/icons/ec.svg]
[assets/css/icons/ee.svg]
[assets/css/icons/eg.svg]
[assets/css/icons/eh.svg]
[assets/css/icons/emailtransfer.svg]
[assets/css/icons/er.svg]
[assets/css/icons/es.svg]
[assets/css/icons/es-ct.svg]
[assets/css/icons/es-ga.svg]
[assets/css/icons/es-pv.svg]
[assets/css/icons/et.svg]
[assets/css/icons/eu.svg]
[assets/css/icons/fi.svg]
[assets/css/icons/fj.svg]
[assets/css/icons/fk.svg]
[assets/css/icons/fm.svg]
[assets/css/icons/fo.svg]
[assets/css/icons/fr-cash.svg]
[assets/css/icons/fr-cheque.svg]
[assets/css/icons/fr-emailtransfer.svg]
[assets/css/icons/fr-giftcard.svg]
[assets/css/icons/fr-interac.svg]
[assets/css/icons/fr-interacetransfer.svg]
[assets/css/icons/fr-travelerscheque.svg]
[assets/css/icons/fr.svg]
[assets/css/icons/ga.svg]
[assets/css/icons/gb-eng.svg]
[assets/css/icons/gb-nir.svg]
[assets/css/icons/gb-sct.svg]
[assets/css/icons/gb-wls.svg]
[assets/css/icons/gb.svg]
[assets/css/icons/gd.svg]
[assets/css/icons/ge.svg]
[assets/css/icons/gf.svg]
[assets/css/icons/gg.svg]
[assets/css/icons/gh.svg]
[assets/css/icons/gi.svg]
[assets/css/icons/giftcard.svg]
[assets/css/icons/gl.svg]
[assets/css/icons/gm.svg]
[assets/css/icons/gn.svg]
[assets/css/icons/gp.svg]
[assets/css/icons/gq.svg]
[assets/css/icons/gr.svg]
[assets/css/icons/gs.svg]
[assets/css/icons/gt.svg]
[assets/css/icons/gu.svg]
[assets/css/icons/gw.svg]
[assets/css/icons/gy.svg]
[assets/css/icons/hk.svg]
[assets/css/icons/hm.svg]
[assets/css/icons/hn.svg]
[assets/css/icons/hr.svg]
[assets/css/icons/ht.svg]
[assets/css/icons/hu.svg]
[assets/css/icons/id.svg]
[assets/css/icons/ie.svg]
[assets/css/icons/il.svg]
[assets/css/icons/im.svg]
[assets/css/icons/in.svg]
[assets/css/icons/interac.svg]
[assets/css/icons/interacetransfer.svg]
[assets/css/icons/io.svg]
[assets/css/icons/iq.svg]
[assets/css/icons/ir.svg]
[assets/css/icons/is.svg]
[assets/css/icons/it.svg]
[assets/css/icons/je.svg]
[assets/css/icons/jm.svg]
[assets/css/icons/jo.svg]
[assets/css/icons/jp.svg]
[assets/css/icons/ke.svg]
[assets/css/icons/kg.svg]
[assets/css/icons/kh.svg]
[assets/css/icons/ki.svg]
[assets/css/icons/klarna.svg]
[assets/css/icons/km.svg]
[assets/css/icons/kn.svg]
[assets/css/icons/kp.svg]
[assets/css/icons/kr.svg]
[assets/css/icons/kw.svg]
[assets/css/icons/ky.svg]
[assets/css/icons/kz.svg]
[assets/css/icons/la.svg]
[assets/css/icons/lb.svg]
[assets/css/icons/lc.svg]
[assets/css/icons/li.svg]
[assets/css/icons/lk.svg]
[assets/css/icons/lr.svg]
[assets/css/icons/ls.svg]
[assets/css/icons/lt.svg]
[assets/css/icons/lu.svg]
[assets/css/icons/lv.svg]
[assets/css/icons/ly.svg]
[assets/css/icons/ma.svg]
[assets/css/icons/mastercard.svg]
[assets/css/icons/maestro.svg]
[assets/css/icons/mc.svg]
[assets/css/icons/md.svg]
[assets/css/icons/me.svg]
[assets/css/icons/mf.svg]
[assets/css/icons/mg.svg]
[assets/css/icons/mh.svg]
[assets/css/icons/mk.svg]
[assets/css/icons/ml.svg]
[assets/css/icons/mm.svg]
[assets/css/icons/mn.svg]
[assets/css/icons/mo.svg]
[assets/css/icons/mp.svg]
[assets/css/icons/mq.svg]
[assets/css/icons/mr.svg]
[assets/css/icons/ms.svg]
[assets/css/icons/mt.svg]
[assets/css/icons/mu.svg]
[assets/css/icons/mv.svg]
[assets/css/icons/mw.svg]
[assets/css/icons/mx.svg]
[assets/css/icons/my.svg]
[assets/css/icons/mz.svg]
[assets/css/icons/na.svg]
[assets/css/icons/nc.svg]
[assets/css/icons/ne.svg]
[assets/css/icons/nf.svg]
[assets/css/icons/ng.svg]
[assets/css/icons/ni.svg]
[assets/css/icons/nl.svg]
[assets/css/icons/no.svg]
[assets/css/icons/np.svg]
[assets/css/icons/nr.svg]
[assets/css/icons/nu.svg]
[assets/css/icons/nz.svg]
[assets/css/icons/om.svg]
[assets/css/icons/pa.svg]
[assets/css/icons/papal.svg]
[assets/css/icons/paypal.svg]
[assets/css/icons/pe.svg]
[assets/css/icons/pf.svg]
[assets/css/icons/pg.svg]
[assets/css/icons/ph.svg]
[assets/css/icons/pk.svg]
[assets/css/icons/pl.svg]
[assets/css/icons/postfinance.svg]
[assets/css/icons/pm.svg]
[assets/css/icons/pn.svg]
[assets/css/icons/pr.svg]
[assets/css/icons/ps.svg]
[assets/css/icons/pt.svg]
[assets/css/icons/pw.svg]
[assets/css/icons/py.svg]
[assets/css/icons/qa.svg]
[assets/css/icons/re.svg]
[assets/css/icons/ro.svg]
[assets/css/icons/rs.svg]
[assets/css/icons/ru.svg]
[assets/css/icons/rw.svg]
[assets/css/icons/sa.svg]
[assets/css/icons/sb.svg]
[assets/css/icons/sc.svg]
[assets/css/icons/sd.svg]
[assets/css/icons/se.svg]
[assets/css/icons/sg.svg]
[assets/css/icons/sh.svg]
[assets/css/icons/si.svg]
[assets/css/icons/sj.svg]
[assets/css/icons/sk.svg]
[assets/css/icons/sl.svg]
[assets/css/icons/sm.svg]
[assets/css/icons/sn.svg]
[assets/css/icons/so.svg]
[assets/css/icons/sr.svg]
[assets/css/icons/ss.svg]
[assets/css/icons/st.svg]
[assets/css/icons/sv.svg]
[assets/css/icons/sx.svg]
[assets/css/icons/sy.svg]
[assets/css/icons/sz.svg]
[assets/css/icons/tc.svg]
[assets/css/icons/td.svg]
[assets/css/icons/tf.svg]
[assets/css/icons/tg.svg]
[assets/css/icons/th.svg]
[assets/css/icons/tj.svg]
[assets/css/icons/tk.svg]
[assets/css/icons/tl.svg]
[assets/css/icons/tm.svg]
[assets/css/icons/tn.svg]
[assets/css/icons/to.svg]
[assets/css/icons/tr.svg]
[assets/css/icons/travelerscheque.svg]
[assets/css/icons/tt.svg]
[assets/css/icons/tv.svg]
[assets/css/icons/tw.svg]
[assets/css/icons/tz.svg]
[assets/css/icons/ua.svg]
[assets/css/icons/ug.svg]
[assets/css/icons/um.svg]
[assets/css/icons/un.svg]
[assets/css/icons/us.svg]
[assets/css/icons/uy.svg]
[assets/css/icons/uz.svg]
[assets/css/icons/va.svg]
[assets/css/icons/vc.svg]
[assets/css/icons/ve.svg]
[assets/css/icons/vg.svg]
[assets/css/icons/vi.svg]
[assets/css/icons/visa.svg]
[assets/css/icons/vn.svg]
[assets/css/icons/vu.svg]
[assets/css/icons/wf.svg]
[assets/css/icons/ws.svg]
[assets/css/icons/ye.svg]
[assets/css/icons/yt.svg]
[assets/css/icons/za.svg]
[assets/css/icons/zm.svg]
[assets/css/icons/zw.svg]
[assets/css/icons/bancontact.svg]
[assets/css/icons/cashicon.svg]
[assets/css/icons/ecocheques.svg]
[assets/css/icons/ticketrestaurant.svg]
[assets/css/icons/visaelectron.svg]
[assets/css/icons/facturatie.svg]
[assets/css/icons/edenred.svg]
[assets/css/icons/eurosymbolblack.svg]
[assets/css/icons/sodexo.svg]
[assets/css/icons/mobilepay.svg]
[assets/css/icons/twint.svg]
[assets/css/icons/vpay.svg]
[assets/css/icons/vipps.svg]
[db528d2761568ad004f99a5f2f8e451b/css/images/layers.html]
[db528d2761568ad004f99a5f2f8e451b/css/images/layers-2x.html]
[db528d2761568ad004f99a5f2f8e451b/css/images/geocoder.html]
[db528d2761568ad004f99a5f2f8e451b/css/images/throbber.html]
[assets/css/icons/6.html]
